{
  "version": "1.5.0",
  "plugins_used": [
    {
      "name": "ArtifactoryDetector"
    },
    {
      "name": "AWSKeyDetector"
    },
    {
      "name": "AzureStorageKeyDetector"
    },
    {
      "name": "Base64HighEntropyString",
      "limit": 4.5
    },
    {
      "name": "BasicAuthDetector"
    },
    {
      "name": "CloudantDetector"
    },
    {
      "name": "DiscordBotTokenDetector"
    },
    {
      "name": "GitHubTokenDetector"
    },
    {
      "name": "GitLabTokenDetector"
    },
    {
      "name": "HexHighEntropyString",
      "limit": 3.0
    },
    {
      "name": "IbmCloudIamDetector"
    },
    {
      "name": "IbmCosHmacDetector"
    },
    {
      "name": "IPPublicDetector"
    },
    {
      "name": "JwtTokenDetector"
    },
    {
      "name": "KeywordDetector",
      "keyword_exclude": ""
    },
    {
      "name": "MailchimpDetector"
    },
    {
      "name": "NpmDetector"
    },
    {
      "name": "OpenAIDetector"
    },
    {
      "name": "PrivateKeyDetector"
    },
    {
      "name": "PypiTokenDetector"
    },
    {
      "name": "SendGridDetector"
    },
    {
      "name": "SlackDetector"
    },
    {
      "name": "SoftlayerDetector"
    },
    {
      "name": "SquareOAuthDetector"
    },
    {
      "name": "StripeDetector"
    },
    {
      "name": "TelegramBotTokenDetector"
    },
    {
      "name": "TwilioKeyDetector"
    }
  ],
  "filters_used": [
    {
      "path": "detect_secrets.filters.allowlist.is_line_allowlisted"
    },
    {
      "path": "detect_secrets.filters.common.is_ignored_due_to_verification_policies",
      "min_level": 2
    },
    {
      "path": "detect_secrets.filters.heuristic.is_indirect_reference"
    },
    {
      "path": "detect_secrets.filters.heuristic.is_likely_id_string"
    },
    {
      "path": "detect_secrets.filters.heuristic.is_lock_file"
    },
    {
      "path": "detect_secrets.filters.heuristic.is_not_alphanumeric_string"
    },
    {
      "path": "detect_secrets.filters.heuristic.is_potential_uuid"
    },
    {
      "path": "detect_secrets.filters.heuristic.is_prefixed_with_dollar_sign"
    },
    {
      "path": "detect_secrets.filters.heuristic.is_sequential_string"
    },
    {
      "path": "detect_secrets.filters.heuristic.is_swagger_file"
    },
    {
      "path": "detect_secrets.filters.heuristic.is_templated_secret"
    }
  ],
  "results": {
    ".git/config": [
      {
        "type": "Basic Auth Credentials",
        "filename": ".git/config",
        "hashed_secret": "c50bbfb3e57d56e37a458f07c44ea91a25401ecb",
        "is_verified": false,
        "line_number": 7
      },
      {
        "type": "GitHub Token",
        "filename": ".git/config",
        "hashed_secret": "e175c6f5f2a92e8623bd9a4820edb4e8c1b0fd10",
        "is_verified": false,
        "line_number": 7
      }
    ],
    "advanced_vault/backend/.env.production": [
      {
        "type": "Secret Keyword",
        "filename": "advanced_vault/backend/.env.production",
        "hashed_secret": "2cb367c53bea01a473c687bcbcf02752f5773c8a",
        "is_verified": false,
        "line_number": 7
      },
      {
        "type": "Secret Keyword",
        "filename": "advanced_vault/backend/.env.production",
        "hashed_secret": "2d46b9e69f2a191aee6fc553cd5973d6bb624755",
        "is_verified": false,
        "line_number": 10
      }
    ],
    "advanced_vault/backend/tests/test_adapters.py": [
      {
        "type": "Hex High Entropy String",
        "filename": "advanced_vault/backend/tests/test_adapters.py",
        "hashed_secret": "ce4303f6b22257d9c9cf314ef1dee4707c6e1c13",
        "is_verified": false,
        "line_number": 37
      },
      {
        "type": "Hex High Entropy String",
        "filename": "advanced_vault/backend/tests/test_adapters.py",
        "hashed_secret": "1d687aba9d95a9e6742236ea63347087e957ece7",
        "is_verified": false,
        "line_number": 50
      }
    ],
    "advanced_vault/docs/BASELINE.md": [
      {
        "type": "Secret Keyword",
        "filename": "advanced_vault/docs/BASELINE.md",
        "hashed_secret": "6d9c68c603e465077bdd49c62347fe54717f83a3",
        "is_verified": false,
        "line_number": 498
      }
    ],
    "advanced_vault/encrypted_kv/models.py": [
      {
        "type": "Secret Keyword",
        "filename": "advanced_vault/encrypted_kv/models.py",
        "hashed_secret": "e5e9fa1ba31ecd1ae84f75caaa474f3a663f05f4",
        "is_verified": false,
        "line_number": 16
      },
      {
        "type": "Secret Keyword",
        "filename": "advanced_vault/encrypted_kv/models.py",
        "hashed_secret": "665b1e3851eefefa3fb878654292f16597d25155",
        "is_verified": false,
        "line_number": 17
      },
      {
        "type": "Secret Keyword",
        "filename": "advanced_vault/encrypted_kv/models.py",
        "hashed_secret": "5baa61e4c9b93f3f0682250b6cf8331b7ee68fd8",
        "is_verified": false,
        "line_number": 18
      }
    ],
    "advanced_vault/encrypted_kv/tests/test_storage.py": [
      {
        "type": "Secret Keyword",
        "filename": "advanced_vault/encrypted_kv/tests/test_storage.py",
        "hashed_secret": "06c8f008289d244e943ace95de17fceab3d9efa2",
        "is_verified": false,
        "line_number": 58
      },
      {
        "type": "Secret Keyword",
        "filename": "advanced_vault/encrypted_kv/tests/test_storage.py",
        "hashed_secret": "905b82eb8dcc2ddefa528fc0d4671e1fbb3ca9f2",
        "is_verified": false,
        "line_number": 71
      },
      {
        "type": "Secret Keyword",
        "filename": "advanced_vault/encrypted_kv/tests/test_storage.py",
        "hashed_secret": "3acc25c5503f5c16bd04ec7c30df7ff5c1310047",
        "is_verified": false,
        "line_number": 365
      }
    ],
    "advanced_vault/gui/localization.py": [
      {
        "type": "Secret Keyword",
        "filename": "advanced_vault/gui/localization.py",
        "hashed_secret": "8b23311bbdc00c2f86633b8af286aef19c7b8ec7",
        "is_verified": false,
        "line_number": 43
      },
      {
        "type": "Secret Keyword",
        "filename": "advanced_vault/gui/localization.py",
        "hashed_secret": "1e3732aec487906e739333e586f2b6ff9e9f1a96",
        "is_verified": false,
        "line_number": 77
      },
      {
        "type": "Secret Keyword",
        "filename": "advanced_vault/gui/localization.py",
        "hashed_secret": "80d18f988e7e508973398c050f7df11c7fd73b4d",
        "is_verified": false,
        "line_number": 112
      },
      {
        "type": "Secret Keyword",
        "filename": "advanced_vault/gui/localization.py",
        "hashed_secret": "2b3bf84fbf4deddd0ce0d72a9baeef85a5fad1cc",
        "is_verified": false,
        "line_number": 116
      },
      {
        "type": "Secret Keyword",
        "filename": "advanced_vault/gui/localization.py",
        "hashed_secret": "957346b1951c40dd99af106f8b8fd3f6688f5907",
        "is_verified": false,
        "line_number": 221
      },
      {
        "type": "Secret Keyword",
        "filename": "advanced_vault/gui/localization.py",
        "hashed_secret": "43c099ecae31bc4bc13d5f15ba77c2c1a872f932",
        "is_verified": false,
        "line_number": 255
      },
      {
        "type": "Secret Keyword",
        "filename": "advanced_vault/gui/localization.py",
        "hashed_secret": "1edeae6a920342f9d7e2eec9b6b43fe8736e6891",
        "is_verified": false,
        "line_number": 290
      },
      {
        "type": "Secret Keyword",
        "filename": "advanced_vault/gui/localization.py",
        "hashed_secret": "62e864a1017560ab427b74a1b0a1f6c884d5dc7b",
        "is_verified": false,
        "line_number": 294
      }
    ],
    "advanced_vault/gui/pdf_processor.py": [
      {
        "type": "Base64 High Entropy String",
        "filename": "advanced_vault/gui/pdf_processor.py",
        "hashed_secret": "a00b9a131f511e61a7b6f184f07dda007bf641f2",
        "is_verified": false,
        "line_number": 295
      }
    ],
    "advanced_vault/gui/qa_generator.py": [
      {
        "type": "Secret Keyword",
        "filename": "advanced_vault/gui/qa_generator.py",
        "hashed_secret": "bda8541807d8b1f0b8f3d573530e014b93a23292",
        "is_verified": false,
        "line_number": 32
      }
    ],
    "advanced_vault/gui/tests/test_cloud_sync.py": [
      {
        "type": "Secret Keyword",
        "filename": "advanced_vault/gui/tests/test_cloud_sync.py",
        "hashed_secret": "370f854b604ba6a825818b745c2708b73f07c01c",
        "is_verified": false,
        "line_number": 106
      },
      {
        "type": "Secret Keyword",
        "filename": "advanced_vault/gui/tests/test_cloud_sync.py",
        "hashed_secret": "6bec415e8e26f6fac191b7b439033bd06c33be7d",
        "is_verified": false,
        "line_number": 148
      },
      {
        "type": "Secret Keyword",
        "filename": "advanced_vault/gui/tests/test_cloud_sync.py",
        "hashed_secret": "08edb84aa6b2c00b97e6fe35585641aa7064e538",
        "is_verified": false,
        "line_number": 193
      },
      {
        "type": "Secret Keyword",
        "filename": "advanced_vault/gui/tests/test_cloud_sync.py",
        "hashed_secret": "b4bb3aedd83586e11723038d93c5d74b8aaaa034",
        "is_verified": false,
        "line_number": 268
      }
    ],
    "advanced_vault/mcp_server/consent.py": [
      {
        "type": "Secret Keyword",
        "filename": "advanced_vault/mcp_server/consent.py",
        "hashed_secret": "fe86558143c0bd528f649a153bdc32b8fa90301c",
        "is_verified": false,
        "line_number": 35
      }
    ],
    "advanced_vault/sheriff/tests/test_core.py": [
      {
        "type": "Base64 High Entropy String",
        "filename": "advanced_vault/sheriff/tests/test_core.py",
        "hashed_secret": "070b5f2e4bb273a08ce582929135c8fb2326f472",
        "is_verified": false,
        "line_number": 92
      }
    ],
    "advanced_vault/training/adapter_packager.py": [
      {
        "type": "Secret Keyword",
        "filename": "advanced_vault/training/adapter_packager.py",
        "hashed_secret": "4ea8d2335b430796cf3f500368c5b0f5b1dc90f5",
        "is_verified": false,
        "line_number": 18
      }
    ],
    "advanced_vault/training/tests/test_rag_index.py": [
      {
        "type": "Secret Keyword",
        "filename": "advanced_vault/training/tests/test_rag_index.py",
        "hashed_secret": "837866e80e3bff1941b09ab3c0ffd7f2a5721dbd",
        "is_verified": false,
        "line_number": 343
      }
    ],
    "browser-extension/TESTING.md": [
      {
        "type": "Secret Keyword",
        "filename": "browser-extension/TESTING.md",
        "hashed_secret": "b593b407b03a0b6eae3037a050320ec8a9c4bf3f",
        "is_verified": false,
        "line_number": 57
      }
    ],
    "browser-extension/background/storage-manager.js": [
      {
        "type": "Secret Keyword",
        "filename": "browser-extension/background/storage-manager.js",
        "hashed_secret": "fe86558143c0bd528f649a153bdc32b8fa90301c",
        "is_verified": false,
        "line_number": 11
      }
    ],
    "docker-compose.yml": [
      {
        "type": "Secret Keyword",
        "filename": "docker-compose.yml",
        "hashed_secret": "911cd6b6427b795dc9caa7b72be05fd46b72695a",
        "is_verified": false,
        "line_number": 19
      },
      {
        "type": "Secret Keyword",
        "filename": "docker-compose.yml",
        "hashed_secret": "d033e22ae348aeb5660fc2140aec35850c4da997",
        "is_verified": false,
        "line_number": 58
      }
    ],
    "docs/LANGCHAIN_INTEGRATION.md": [
      {
        "type": "Secret Keyword",
        "filename": "docs/LANGCHAIN_INTEGRATION.md",
        "hashed_secret": "104d4b2979476d81ea4224c9f9b9b362647a68b7",
        "is_verified": false,
        "line_number": 43
      },
      {
        "type": "Secret Keyword",
        "filename": "docs/LANGCHAIN_INTEGRATION.md",
        "hashed_secret": "bab5b363bffce8c9b1d170f14563030163cfb12f",
        "is_verified": false,
        "line_number": 87
      }
    ],
    "docs/deployment/RUNPOD_AXOLOTL.md": [
      {
        "type": "Secret Keyword",
        "filename": "docs/deployment/RUNPOD_AXOLOTL.md",
        "hashed_secret": "07f12abef963f91bc3c400646cbffb2564b161f2",
        "is_verified": false,
        "line_number": 23
      },
      {
        "type": "Secret Keyword",
        "filename": "docs/deployment/RUNPOD_AXOLOTL.md",
        "hashed_secret": "6e21676d638e133c767bf2a8a3c9b5ec8526801f",
        "is_verified": false,
        "line_number": 25
      }
    ],
    "docs/deployment/RUNPOD_DEPLOYMENT.md": [
      {
        "type": "Secret Keyword",
        "filename": "docs/deployment/RUNPOD_DEPLOYMENT.md",
        "hashed_secret": "11fa7c37d697f30e6aee828b4426a10f83ab2380",
        "is_verified": false,
        "line_number": 128
      }
    ],
    "docs/deployment/RUNPOD_TESTING.md": [
      {
        "type": "Secret Keyword",
        "filename": "docs/deployment/RUNPOD_TESTING.md",
        "hashed_secret": "07f12abef963f91bc3c400646cbffb2564b161f2",
        "is_verified": false,
        "line_number": 12
      },
      {
        "type": "Hex High Entropy String",
        "filename": "docs/deployment/RUNPOD_TESTING.md",
        "hashed_secret": "ce4303f6b22257d9c9cf314ef1dee4707c6e1c13",
        "is_verified": false,
        "line_number": 100
      }
    ],
    "docs/testing/TESTING_GUIDE.md": [
      {
        "type": "Secret Keyword",
        "filename": "docs/testing/TESTING_GUIDE.md",
        "hashed_secret": "a8253456364f1bfc7da7ae4a1db5b45d106317a5",
        "is_verified": false,
        "line_number": 7
      },
      {
        "type": "Secret Keyword",
        "filename": "docs/testing/TESTING_GUIDE.md",
        "hashed_secret": "6d9c68c603e465077bdd49c62347fe54717f83a3",
        "is_verified": false,
        "line_number": 107
      }
    ],
    "examples/advanced/encrypted_kv_demo.py": [
      {
        "type": "AWS Access Key",
        "filename": "examples/advanced/encrypted_kv_demo.py",
        "hashed_secret": "25910f981e85ca04baf359199dd0bd4a3ae738b6",
        "is_verified": false,
        "line_number": 48
      },
      {
        "type": "Basic Auth Credentials",
        "filename": "examples/advanced/encrypted_kv_demo.py",
        "hashed_secret": "dee81e7c5c34ddc8bc53cef591410d3db6dacd46",
        "is_verified": false,
        "line_number": 49
      }
    ],
    "examples/advanced/hybrid_vault_demo.py": [
      {
        "type": "AWS Access Key",
        "filename": "examples/advanced/hybrid_vault_demo.py",
        "hashed_secret": "25910f981e85ca04baf359199dd0bd4a3ae738b6",
        "is_verified": false,
        "line_number": 105
      }
    ],
    "examples/advanced/unified_vault_demo.py": [
      {
        "type": "Base64 High Entropy String",
        "filename": "examples/advanced/unified_vault_demo.py",
        "hashed_secret": "bc738756afc153e9758c4b4210473be888a55b39",
        "is_verified": false,
        "line_number": 158
      },
      {
        "type": "Secret Keyword",
        "filename": "examples/advanced/unified_vault_demo.py",
        "hashed_secret": "bc738756afc153e9758c4b4210473be888a55b39",
        "is_verified": false,
        "line_number": 158
      },
      {
        "type": "GitHub Token",
        "filename": "examples/advanced/unified_vault_demo.py",
        "hashed_secret": "e175c6f5f2a92e8623bd9a4820edb4e8c1b0fd10",
        "is_verified": false,
        "line_number": 163
      },
      {
        "type": "Base64 High Entropy String",
        "filename": "examples/advanced/unified_vault_demo.py",
        "hashed_secret": "f5284f0858fd1774d282e1047639ad15eff2508d",
        "is_verified": false,
        "line_number": 163
      },
      {
        "type": "Secret Keyword",
        "filename": "examples/advanced/unified_vault_demo.py",
        "hashed_secret": "f5284f0858fd1774d282e1047639ad15eff2508d",
        "is_verified": false,
        "line_number": 163
      },
      {
        "type": "AWS Access Key",
        "filename": "examples/advanced/unified_vault_demo.py",
        "hashed_secret": "25910f981e85ca04baf359199dd0bd4a3ae738b6",
        "is_verified": false,
        "line_number": 168
      },
      {
        "type": "Secret Keyword",
        "filename": "examples/advanced/unified_vault_demo.py",
        "hashed_secret": "d7405031d81c2c8c1db5da2a5f0a85d239401733",
        "is_verified": false,
        "line_number": 168
      }
    ],
    "examples/privacy_demo.py": [
      {
        "type": "Base64 High Entropy String",
        "filename": "examples/privacy_demo.py",
        "hashed_secret": "0948de3af82442ec4d7ecd57370dac12952309e9",
        "is_verified": false,
        "line_number": 169
      }
    ],
    "examples/privacy_demo_runpod.py": [
      {
        "type": "Secret Keyword",
        "filename": "examples/privacy_demo_runpod.py",
        "hashed_secret": "aecdccc1cf64595b34e0cc152d238daabb32183a",
        "is_verified": false,
        "line_number": 29
      }
    ],
    "langchain-enclave/API_REFERENCE.md": [
      {
        "type": "Secret Keyword",
        "filename": "langchain-enclave/API_REFERENCE.md",
        "hashed_secret": "a6d81a156ee9f3f2890b0edbd63063ce38ffac12",
        "is_verified": false,
        "line_number": 114
      }
    ],
    "langchain-enclave/COMMUNITY_EXAMPLES.md": [
      {
        "type": "Secret Keyword",
        "filename": "langchain-enclave/COMMUNITY_EXAMPLES.md",
        "hashed_secret": "d0e9fd5aadd3e50caee7976f3ce03bbd4443adb3",
        "is_verified": false,
        "line_number": 16
      },
      {
        "type": "Secret Keyword",
        "filename": "langchain-enclave/COMMUNITY_EXAMPLES.md",
        "hashed_secret": "e90dff29814b39402bd668083518252dfa9ba11e",
        "is_verified": false,
        "line_number": 62
      },
      {
        "type": "Secret Keyword",
        "filename": "langchain-enclave/COMMUNITY_EXAMPLES.md",
        "hashed_secret": "8539ff469a619be7e2a6ee52920cf06704f9aa83",
        "is_verified": false,
        "line_number": 69
      },
      {
        "type": "Secret Keyword",
        "filename": "langchain-enclave/COMMUNITY_EXAMPLES.md",
        "hashed_secret": "a6d81a156ee9f3f2890b0edbd63063ce38ffac12",
        "is_verified": false,
        "line_number": 98
      },
      {
        "type": "Secret Keyword",
        "filename": "langchain-enclave/COMMUNITY_EXAMPLES.md",
        "hashed_secret": "a200967def1296094f1d05e89956b22e6542f561",
        "is_verified": false,
        "line_number": 114
      }
    ],
    "langchain-enclave/QUICKSTART.md": [
      {
        "type": "Secret Keyword",
        "filename": "langchain-enclave/QUICKSTART.md",
        "hashed_secret": "f708a8b534efbb78d44a581a2b8983f075a2984f",
        "is_verified": false,
        "line_number": 91
      }
    ],
    "langchain-enclave/README.md": [
      {
        "type": "Secret Keyword",
        "filename": "langchain-enclave/README.md",
        "hashed_secret": "bab5b363bffce8c9b1d170f14563030163cfb12f",
        "is_verified": false,
        "line_number": 138
      },
      {
        "type": "Secret Keyword",
        "filename": "langchain-enclave/README.md",
        "hashed_secret": "697f7a83ba345746e84342c4eebd55e8f9692e77",
        "is_verified": false,
        "line_number": 189
      },
      {
        "type": "Secret Keyword",
        "filename": "langchain-enclave/README.md",
        "hashed_secret": "7ff000febb6b9e7d022a01cf0e097b3864bce12e",
        "is_verified": false,
        "line_number": 190
      },
      {
        "type": "Secret Keyword",
        "filename": "langchain-enclave/README.md",
        "hashed_secret": "a6d81a156ee9f3f2890b0edbd63063ce38ffac12",
        "is_verified": false,
        "line_number": 204
      }
    ],
    "langchain-enclave/examples/README.md": [
      {
        "type": "Secret Keyword",
        "filename": "langchain-enclave/examples/README.md",
        "hashed_secret": "f708a8b534efbb78d44a581a2b8983f075a2984f",
        "is_verified": false,
        "line_number": 14
      },
      {
        "type": "Secret Keyword",
        "filename": "langchain-enclave/examples/README.md",
        "hashed_secret": "7ff000febb6b9e7d022a01cf0e097b3864bce12e",
        "is_verified": false,
        "line_number": 17
      },
      {
        "type": "Secret Keyword",
        "filename": "langchain-enclave/examples/README.md",
        "hashed_secret": "a6d81a156ee9f3f2890b0edbd63063ce38ffac12",
        "is_verified": false,
        "line_number": 104
      }
    ],
    "langchain-enclave/langchain_enclave.egg-info/PKG-INFO": [
      {
        "type": "Secret Keyword",
        "filename": "langchain-enclave/langchain_enclave.egg-info/PKG-INFO",
        "hashed_secret": "bab5b363bffce8c9b1d170f14563030163cfb12f",
        "is_verified": false,
        "line_number": 123
      },
      {
        "type": "Secret Keyword",
        "filename": "langchain-enclave/langchain_enclave.egg-info/PKG-INFO",
        "hashed_secret": "697f7a83ba345746e84342c4eebd55e8f9692e77",
        "is_verified": false,
        "line_number": 174
      },
      {
        "type": "Secret Keyword",
        "filename": "langchain-enclave/langchain_enclave.egg-info/PKG-INFO",
        "hashed_secret": "7ff000febb6b9e7d022a01cf0e097b3864bce12e",
        "is_verified": false,
        "line_number": 175
      },
      {
        "type": "Secret Keyword",
        "filename": "langchain-enclave/langchain_enclave.egg-info/PKG-INFO",
        "hashed_secret": "a6d81a156ee9f3f2890b0edbd63063ce38ffac12",
        "is_verified": false,
        "line_number": 189
      }
    ],
    "langchain-enclave/langchain_enclave/knowledge.py": [
      {
        "type": "Secret Keyword",
        "filename": "langchain-enclave/langchain_enclave/knowledge.py",
        "hashed_secret": "bab5b363bffce8c9b1d170f14563030163cfb12f",
        "is_verified": false,
        "line_number": 39
      }
    ],
    "langchain-enclave/langchain_enclave/secrets.py": [
      {
        "type": "Secret Keyword",
        "filename": "langchain-enclave/langchain_enclave/secrets.py",
        "hashed_secret": "bab5b363bffce8c9b1d170f14563030163cfb12f",
        "is_verified": false,
        "line_number": 35
      }
    ],
    "langchain-enclave/test_local.py": [
      {
        "type": "Secret Keyword",
        "filename": "langchain-enclave/test_local.py",
        "hashed_secret": "9ce64ffb54a7a469a9ec3a470689958a68154809",
        "is_verified": false,
        "line_number": 52
      }
    ],
    "langchain-enclave/tests/test_client.py": [
      {
        "type": "Secret Keyword",
        "filename": "langchain-enclave/tests/test_client.py",
        "hashed_secret": "9ce64ffb54a7a469a9ec3a470689958a68154809",
        "is_verified": false,
        "line_number": 18
      },
      {
        "type": "Secret Keyword",
        "filename": "langchain-enclave/tests/test_client.py",
        "hashed_secret": "9cf4cd397e738e8f97a542388634a33ba16aac9d",
        "is_verified": false,
        "line_number": 88
      }
    ],
    "langchain-enclave/tests/test_knowledge.py": [
      {
        "type": "Secret Keyword",
        "filename": "langchain-enclave/tests/test_knowledge.py",
        "hashed_secret": "9ce64ffb54a7a469a9ec3a470689958a68154809",
        "is_verified": false,
        "line_number": 15
      }
    ],
    "langchain-enclave/tests/test_local.py": [
      {
        "type": "Secret Keyword",
        "filename": "langchain-enclave/tests/test_local.py",
        "hashed_secret": "e20ac80803ae0fd1c2efe2cf05d493a435a6d050",
        "is_verified": false,
        "line_number": 226
      }
    ],
    "langchain-enclave/tests/test_secrets.py": [
      {
        "type": "Secret Keyword",
        "filename": "langchain-enclave/tests/test_secrets.py",
        "hashed_secret": "9ce64ffb54a7a469a9ec3a470689958a68154809",
        "is_verified": false,
        "line_number": 13
      },
      {
        "type": "Secret Keyword",
        "filename": "langchain-enclave/tests/test_secrets.py",
        "hashed_secret": "e3de258032685ca3a157e704090921039ff7f0b3",
        "is_verified": false,
        "line_number": 30
      }
    ],
    "tests/test_adapter_packager.py": [
      {
        "type": "Secret Keyword",
        "filename": "tests/test_adapter_packager.py",
        "hashed_secret": "f2b14f68eb995facb3a1c35287b778d5bd785511",
        "is_verified": false,
        "line_number": 59
      },
      {
        "type": "Secret Keyword",
        "filename": "tests/test_adapter_packager.py",
        "hashed_secret": "206c80413b9a96c1312cc346b7d2517b84463edd",
        "is_verified": false,
        "line_number": 105
      },
      {
        "type": "Secret Keyword",
        "filename": "tests/test_adapter_packager.py",
        "hashed_secret": "4be8c636b220f0ecd58912a37f1057a544581dbf",
        "is_verified": false,
        "line_number": 123
      },
      {
        "type": "Secret Keyword",
        "filename": "tests/test_adapter_packager.py",
        "hashed_secret": "9d4e1e23bd5b727046a9e3b4b7db57bd8d6ee684",
        "is_verified": false,
        "line_number": 138
      }
    ],
    "verify_backend.py": [
      {
        "type": "Hex High Entropy String",
        "filename": "verify_backend.py",
        "hashed_secret": "ce4303f6b22257d9c9cf314ef1dee4707c6e1c13",
        "is_verified": false,
        "line_number": 137
      }
    ]
  },
  "generated_at": "2026-04-28T02:17:45Z"
}
